---
source: src/generate.rs
expression: "read_file_content(\"out/test/index.html\")"
---
<!DOCTYPE html><html><head><meta charset="utf8"><title>Test Site</title><link rel="stylesheet" href="/assets/styledad04ec43723fc19.css"><link rel="alternate" type="application/rss+xml" href="/feed.xml" title="RSS Feed" /></head><body><div class="content"><ul><li>**Test Post**(20240320)[testpost](/posts/testpost.html)</li></ul><ul><li>**Second Test Post**(20240321)[secondtestpost](/posts/secondtestpost.html)</li></ul></div><footer>Test Site Footer</footer></body></html>
