---
source: src/load_includes.rs
expression: templates_json
---
{
  "index_intro.liquid": "<p>Hi there! 👋 My name is Andor Polgar. This is my personal website. Here, you'll find my photography projects and random snapshots from my life.</p>\n<ul class=\"postlist\">\n{{ content }}\n</ul> ",
  "list_item.liquid": "<li><a href=\"/posts/{{slug}}\">{{title}}</a></li> ",
  "post.liquid": "<article>\n    <h1>{{title}}</h1>\n    {{content}}\n    {% include test-include.liquid %}\n</article> ",
  "test-include.liquid": "<div class=\"test-include\">\n    This is included content for testing.\n</div> ",
  "year_section.liquid": "{{ year_include }}\n<ul class=\"postlist\">\n{{ content }}\n</ul> "
}
